// Jest Snapshot v1, https://goo.gl/fbAQLP

exports[`component matches the snapshot 1`] = `
<div>
  <div
    className="cart cart-header"
  >
    Empty
  </div>
</div>
`;
